---
source: src/events/release.rs
assertion_line: 71
info:
  author_name_length: 8
  colour_hex: "#CBA6F7"
  description_length: 12
  title_length: 54
---
embeds:
  - author:
      icon_url: "https://avatars.githubusercontent.com/u/58985301?v=4"
      name: sgoudham
      url: "https://github.com/sgoudham"
    color: 13346551
    description: Test release
    title: "[catppuccin-rfc/polybar] New release published: v0.0.0"
    url: "https://github.com/catppuccin-rfc/polybar/releases/tag/v0.0.0"
